// Jest Snapshot v1, https://goo.gl/fbAQLP

exports[`invalid $multi call (({ $multi });): code 1`] = `"local ____ = {[\\"$multi\\"] = ____}"`;

exports[`invalid $multi call (({ $multi });): diagnostics 1`] = `"main.ts(2,12): error TSTL: The $multi function must be called in a return statement."`;
